// Jest Snapshot v1, https://goo.gl/fbAQLP

exports[`Navbar View Tests should not regress 1`] = `
ShallowWrapper {
  Symbol(enzyme.__root__): [Circular],
  Symbol(enzyme.__unrendered__): <Nav
    isAuthenticated={true}
    onLogoutClick={[MockFunction]}
    user={Object {}}
  />,
  Symbol(enzyme.__renderer__): Object {
    "batchedUpdates": [Function],
    "checkPropTypes": [Function],
    "getNode": [Function],
    "render": [Function],
    "simulateError": [Function],
    "simulateEvent": [Function],
    "unmount": [Function],
  },
  Symbol(enzyme.__node__): Object {
    "instance": null,
    "key": undefined,
    "nodeType": "host",
    "props": Object {
      "children": <div
        className="container"
      >
        <span
          className="navbar-brand"
        >
          <i
            aria-hidden="true"
            class="fa fa-paper-plane"
          />
          SendIT
        </span>
        <button
          aria-controls="navbarSupportedContent"
          aria-expanded="false"
          aria-label="Toggle navigation"
          className="navbar-toggler"
          data-target="#navbarSupportedContent"
          data-toggle="collapse"
          type="button"
        >
          <span
            className="navbar-toggler-icon"
          />
        </button>
        <div
          className="collapse navbar-collapse"
          id="navbarSupportedContent"
        >
          <ul
            className="navbar-nav ml-auto"
          >
            <form
              className="form-inline my-2 my-lg-0"
            >
              <input
                aria-label="Search"
                className="form-control mr-sm-2"
                placeholder="Search"
                type="search"
              />
            </form>
            <li
              className="nav-item"
            >
              <Link
                className="nav-link"
                replace={false}
                to="/"
              >
                  
                <strong>
                  Welcome undefined
                </strong>
                 
              </Link>
            </li>
            <li
              className="nav-item"
            >
              <Link
                className="nav-link"
                replace={false}
                to="/new"
              >
                Create Order
              </Link>
            </li>
            <li
              className="nav-item"
              onClick={[MockFunction]}
            >
              <Link
                className="nav-link"
                replace={false}
                to=""
              >
                Logout
              </Link>
            </li>
          </ul>
        </div>
      </div>,
      "className": "navbar navbar-expand-lg navbar-light bg-light",
    },
    "ref": null,
    "rendered": Object {
      "instance": null,
      "key": undefined,
      "nodeType": "host",
      "props": Object {
        "children": Array [
          <span
            className="navbar-brand"
          >
            <i
              aria-hidden="true"
              class="fa fa-paper-plane"
            />
            SendIT
          </span>,
          <button
            aria-controls="navbarSupportedContent"
            aria-expanded="false"
            aria-label="Toggle navigation"
            className="navbar-toggler"
            data-target="#navbarSupportedContent"
            data-toggle="collapse"
            type="button"
          >
            <span
              className="navbar-toggler-icon"
            />
          </button>,
          <div
            className="collapse navbar-collapse"
            id="navbarSupportedContent"
          >
            <ul
              className="navbar-nav ml-auto"
            >
              <form
                className="form-inline my-2 my-lg-0"
              >
                <input
                  aria-label="Search"
                  className="form-control mr-sm-2"
                  placeholder="Search"
                  type="search"
                />
              </form>
              <li
                className="nav-item"
              >
                <Link
                  className="nav-link"
                  replace={false}
                  to="/"
                >
                    
                  <strong>
                    Welcome undefined
                  </strong>
                   
                </Link>
              </li>
              <li
                className="nav-item"
              >
                <Link
                  className="nav-link"
                  replace={false}
                  to="/new"
                >
                  Create Order
                </Link>
              </li>
              <li
                className="nav-item"
                onClick={[MockFunction]}
              >
                <Link
                  className="nav-link"
                  replace={false}
                  to=""
                >
                  Logout
                </Link>
              </li>
            </ul>
          </div>,
        ],
        "className": "container",
      },
      "ref": null,
      "rendered": Array [
        Object {
          "instance": null,
          "key": undefined,
          "nodeType": "host",
          "props": Object {
            "children": Array [
              <i
                aria-hidden="true"
                class="fa fa-paper-plane"
              />,
              "SendIT",
            ],
            "className": "navbar-brand",
          },
          "ref": null,
          "rendered": Array [
            Object {
              "instance": null,
              "key": undefined,
              "nodeType": "host",
              "props": Object {
                "aria-hidden": "true",
                "class": "fa fa-paper-plane",
              },
              "ref": null,
              "rendered": null,
              "type": "i",
            },
            "SendIT",
          ],
          "type": "span",
        },
        Object {
          "instance": null,
          "key": undefined,
          "nodeType": "host",
          "props": Object {
            "aria-controls": "navbarSupportedContent",
            "aria-expanded": "false",
            "aria-label": "Toggle navigation",
            "children": <span
              className="navbar-toggler-icon"
            />,
            "className": "navbar-toggler",
            "data-target": "#navbarSupportedContent",
            "data-toggle": "collapse",
            "type": "button",
          },
          "ref": null,
          "rendered": Object {
            "instance": null,
            "key": undefined,
            "nodeType": "host",
            "props": Object {
              "className": "navbar-toggler-icon",
            },
            "ref": null,
            "rendered": null,
            "type": "span",
          },
          "type": "button",
        },
        Object {
          "instance": null,
          "key": undefined,
          "nodeType": "host",
          "props": Object {
            "children": <ul
              className="navbar-nav ml-auto"
            >
              <form
                className="form-inline my-2 my-lg-0"
              >
                <input
                  aria-label="Search"
                  className="form-control mr-sm-2"
                  placeholder="Search"
                  type="search"
                />
              </form>
              <li
                className="nav-item"
              >
                <Link
                  className="nav-link"
                  replace={false}
                  to="/"
                >
                    
                  <strong>
                    Welcome undefined
                  </strong>
                   
                </Link>
              </li>
              <li
                className="nav-item"
              >
                <Link
                  className="nav-link"
                  replace={false}
                  to="/new"
                >
                  Create Order
                </Link>
              </li>
              <li
                className="nav-item"
                onClick={[MockFunction]}
              >
                <Link
                  className="nav-link"
                  replace={false}
                  to=""
                >
                  Logout
                </Link>
              </li>
            </ul>,
            "className": "collapse navbar-collapse",
            "id": "navbarSupportedContent",
          },
          "ref": null,
          "rendered": Object {
            "instance": null,
            "key": undefined,
            "nodeType": "host",
            "props": Object {
              "children": Array [
                <form
                  className="form-inline my-2 my-lg-0"
                >
                  <input
                    aria-label="Search"
                    className="form-control mr-sm-2"
                    placeholder="Search"
                    type="search"
                  />
                </form>,
                <li
                  className="nav-item"
                >
                  <Link
                    className="nav-link"
                    replace={false}
                    to="/"
                  >
                      
                    <strong>
                      Welcome undefined
                    </strong>
                     
                  </Link>
                </li>,
                <li
                  className="nav-item"
                >
                  <Link
                    className="nav-link"
                    replace={false}
                    to="/new"
                  >
                    Create Order
                  </Link>
                </li>,
                <li
                  className="nav-item"
                  onClick={[MockFunction]}
                >
                  <Link
                    className="nav-link"
                    replace={false}
                    to=""
                  >
                    Logout
                  </Link>
                </li>,
              ],
              "className": "navbar-nav ml-auto",
            },
            "ref": null,
            "rendered": Array [
              Object {
                "instance": null,
                "key": undefined,
                "nodeType": "host",
                "props": Object {
                  "children": <input
                    aria-label="Search"
                    className="form-control mr-sm-2"
                    placeholder="Search"
                    type="search"
                  />,
                  "className": "form-inline my-2 my-lg-0",
                },
                "ref": null,
                "rendered": Object {
                  "instance": null,
                  "key": undefined,
                  "nodeType": "host",
                  "props": Object {
                    "aria-label": "Search",
                    "className": "form-control mr-sm-2",
                    "placeholder": "Search",
                    "type": "search",
                  },
                  "ref": null,
                  "rendered": null,
                  "type": "input",
                },
                "type": "form",
              },
              Object {
                "instance": null,
                "key": undefined,
                "nodeType": "host",
                "props": Object {
                  "children": <Link
                    className="nav-link"
                    replace={false}
                    to="/"
                  >
                      
                    <strong>
                      Welcome undefined
                    </strong>
                     
                  </Link>,
                  "className": "nav-item",
                },
                "ref": null,
                "rendered": Object {
                  "instance": null,
                  "key": undefined,
                  "nodeType": "class",
                  "props": Object {
                    "children": Array [
                      "  ",
                      <strong>
                        Welcome undefined
                      </strong>,
                      " ",
                    ],
                    "className": "nav-link",
                    "replace": false,
                    "to": "/",
                  },
                  "ref": null,
                  "rendered": Array [
                    "  ",
                    Object {
                      "instance": null,
                      "key": undefined,
                      "nodeType": "host",
                      "props": Object {
                        "children": "Welcome undefined",
                      },
                      "ref": null,
                      "rendered": "Welcome undefined",
                      "type": "strong",
                    },
                    " ",
                  ],
                  "type": [Function],
                },
                "type": "li",
              },
              Object {
                "instance": null,
                "key": undefined,
                "nodeType": "host",
                "props": Object {
                  "children": <Link
                    className="nav-link"
                    replace={false}
                    to="/new"
                  >
                    Create Order
                  </Link>,
                  "className": "nav-item",
                },
                "ref": null,
                "rendered": Object {
                  "instance": null,
                  "key": undefined,
                  "nodeType": "class",
                  "props": Object {
                    "children": "Create Order",
                    "className": "nav-link",
                    "replace": false,
                    "to": "/new",
                  },
                  "ref": null,
                  "rendered": "Create Order",
                  "type": [Function],
                },
                "type": "li",
              },
              Object {
                "instance": null,
                "key": undefined,
                "nodeType": "host",
                "props": Object {
                  "children": <Link
                    className="nav-link"
                    replace={false}
                    to=""
                  >
                    Logout
                  </Link>,
                  "className": "nav-item",
                  "onClick": [MockFunction],
                },
                "ref": null,
                "rendered": Object {
                  "instance": null,
                  "key": undefined,
                  "nodeType": "class",
                  "props": Object {
                    "children": "Logout",
                    "className": "nav-link",
                    "replace": false,
                    "to": "",
                  },
                  "ref": null,
                  "rendered": "Logout",
                  "type": [Function],
                },
                "type": "li",
              },
            ],
            "type": "ul",
          },
          "type": "div",
        },
      ],
      "type": "div",
    },
    "type": "nav",
  },
  Symbol(enzyme.__nodes__): Array [
    Object {
      "instance": null,
      "key": undefined,
      "nodeType": "host",
      "props": Object {
        "children": <div
          className="container"
        >
          <span
            className="navbar-brand"
          >
            <i
              aria-hidden="true"
              class="fa fa-paper-plane"
            />
            SendIT
          </span>
          <button
            aria-controls="navbarSupportedContent"
            aria-expanded="false"
            aria-label="Toggle navigation"
            className="navbar-toggler"
            data-target="#navbarSupportedContent"
            data-toggle="collapse"
            type="button"
          >
            <span
              className="navbar-toggler-icon"
            />
          </button>
          <div
            className="collapse navbar-collapse"
            id="navbarSupportedContent"
          >
            <ul
              className="navbar-nav ml-auto"
            >
              <form
                className="form-inline my-2 my-lg-0"
              >
                <input
                  aria-label="Search"
                  className="form-control mr-sm-2"
                  placeholder="Search"
                  type="search"
                />
              </form>
              <li
                className="nav-item"
              >
                <Link
                  className="nav-link"
                  replace={false}
                  to="/"
                >
                    
                  <strong>
                    Welcome undefined
                  </strong>
                   
                </Link>
              </li>
              <li
                className="nav-item"
              >
                <Link
                  className="nav-link"
                  replace={false}
                  to="/new"
                >
                  Create Order
                </Link>
              </li>
              <li
                className="nav-item"
                onClick={[MockFunction]}
              >
                <Link
                  className="nav-link"
                  replace={false}
                  to=""
                >
                  Logout
                </Link>
              </li>
            </ul>
          </div>
        </div>,
        "className": "navbar navbar-expand-lg navbar-light bg-light",
      },
      "ref": null,
      "rendered": Object {
        "instance": null,
        "key": undefined,
        "nodeType": "host",
        "props": Object {
          "children": Array [
            <span
              className="navbar-brand"
            >
              <i
                aria-hidden="true"
                class="fa fa-paper-plane"
              />
              SendIT
            </span>,
            <button
              aria-controls="navbarSupportedContent"
              aria-expanded="false"
              aria-label="Toggle navigation"
              className="navbar-toggler"
              data-target="#navbarSupportedContent"
              data-toggle="collapse"
              type="button"
            >
              <span
                className="navbar-toggler-icon"
              />
            </button>,
            <div
              className="collapse navbar-collapse"
              id="navbarSupportedContent"
            >
              <ul
                className="navbar-nav ml-auto"
              >
                <form
                  className="form-inline my-2 my-lg-0"
                >
                  <input
                    aria-label="Search"
                    className="form-control mr-sm-2"
                    placeholder="Search"
                    type="search"
                  />
                </form>
                <li
                  className="nav-item"
                >
                  <Link
                    className="nav-link"
                    replace={false}
                    to="/"
                  >
                      
                    <strong>
                      Welcome undefined
                    </strong>
                     
                  </Link>
                </li>
                <li
                  className="nav-item"
                >
                  <Link
                    className="nav-link"
                    replace={false}
                    to="/new"
                  >
                    Create Order
                  </Link>
                </li>
                <li
                  className="nav-item"
                  onClick={[MockFunction]}
                >
                  <Link
                    className="nav-link"
                    replace={false}
                    to=""
                  >
                    Logout
                  </Link>
                </li>
              </ul>
            </div>,
          ],
          "className": "container",
        },
        "ref": null,
        "rendered": Array [
          Object {
            "instance": null,
            "key": undefined,
            "nodeType": "host",
            "props": Object {
              "children": Array [
                <i
                  aria-hidden="true"
                  class="fa fa-paper-plane"
                />,
                "SendIT",
              ],
              "className": "navbar-brand",
            },
            "ref": null,
            "rendered": Array [
              Object {
                "instance": null,
                "key": undefined,
                "nodeType": "host",
                "props": Object {
                  "aria-hidden": "true",
                  "class": "fa fa-paper-plane",
                },
                "ref": null,
                "rendered": null,
                "type": "i",
              },
              "SendIT",
            ],
            "type": "span",
          },
          Object {
            "instance": null,
            "key": undefined,
            "nodeType": "host",
            "props": Object {
              "aria-controls": "navbarSupportedContent",
              "aria-expanded": "false",
              "aria-label": "Toggle navigation",
              "children": <span
                className="navbar-toggler-icon"
              />,
              "className": "navbar-toggler",
              "data-target": "#navbarSupportedContent",
              "data-toggle": "collapse",
              "type": "button",
            },
            "ref": null,
            "rendered": Object {
              "instance": null,
              "key": undefined,
              "nodeType": "host",
              "props": Object {
                "className": "navbar-toggler-icon",
              },
              "ref": null,
              "rendered": null,
              "type": "span",
            },
            "type": "button",
          },
          Object {
            "instance": null,
            "key": undefined,
            "nodeType": "host",
            "props": Object {
              "children": <ul
                className="navbar-nav ml-auto"
              >
                <form
                  className="form-inline my-2 my-lg-0"
                >
                  <input
                    aria-label="Search"
                    className="form-control mr-sm-2"
                    placeholder="Search"
                    type="search"
                  />
                </form>
                <li
                  className="nav-item"
                >
                  <Link
                    className="nav-link"
                    replace={false}
                    to="/"
                  >
                      
                    <strong>
                      Welcome undefined
                    </strong>
                     
                  </Link>
                </li>
                <li
                  className="nav-item"
                >
                  <Link
                    className="nav-link"
                    replace={false}
                    to="/new"
                  >
                    Create Order
                  </Link>
                </li>
                <li
                  className="nav-item"
                  onClick={[MockFunction]}
                >
                  <Link
                    className="nav-link"
                    replace={false}
                    to=""
                  >
                    Logout
                  </Link>
                </li>
              </ul>,
              "className": "collapse navbar-collapse",
              "id": "navbarSupportedContent",
            },
            "ref": null,
            "rendered": Object {
              "instance": null,
              "key": undefined,
              "nodeType": "host",
              "props": Object {
                "children": Array [
                  <form
                    className="form-inline my-2 my-lg-0"
                  >
                    <input
                      aria-label="Search"
                      className="form-control mr-sm-2"
                      placeholder="Search"
                      type="search"
                    />
                  </form>,
                  <li
                    className="nav-item"
                  >
                    <Link
                      className="nav-link"
                      replace={false}
                      to="/"
                    >
                        
                      <strong>
                        Welcome undefined
                      </strong>
                       
                    </Link>
                  </li>,
                  <li
                    className="nav-item"
                  >
                    <Link
                      className="nav-link"
                      replace={false}
                      to="/new"
                    >
                      Create Order
                    </Link>
                  </li>,
                  <li
                    className="nav-item"
                    onClick={[MockFunction]}
                  >
                    <Link
                      className="nav-link"
                      replace={false}
                      to=""
                    >
                      Logout
                    </Link>
                  </li>,
                ],
                "className": "navbar-nav ml-auto",
              },
              "ref": null,
              "rendered": Array [
                Object {
                  "instance": null,
                  "key": undefined,
                  "nodeType": "host",
                  "props": Object {
                    "children": <input
                      aria-label="Search"
                      className="form-control mr-sm-2"
                      placeholder="Search"
                      type="search"
                    />,
                    "className": "form-inline my-2 my-lg-0",
                  },
                  "ref": null,
                  "rendered": Object {
                    "instance": null,
                    "key": undefined,
                    "nodeType": "host",
                    "props": Object {
                      "aria-label": "Search",
                      "className": "form-control mr-sm-2",
                      "placeholder": "Search",
                      "type": "search",
                    },
                    "ref": null,
                    "rendered": null,
                    "type": "input",
                  },
                  "type": "form",
                },
                Object {
                  "instance": null,
                  "key": undefined,
                  "nodeType": "host",
                  "props": Object {
                    "children": <Link
                      className="nav-link"
                      replace={false}
                      to="/"
                    >
                        
                      <strong>
                        Welcome undefined
                      </strong>
                       
                    </Link>,
                    "className": "nav-item",
                  },
                  "ref": null,
                  "rendered": Object {
                    "instance": null,
                    "key": undefined,
                    "nodeType": "class",
                    "props": Object {
                      "children": Array [
                        "  ",
                        <strong>
                          Welcome undefined
                        </strong>,
                        " ",
                      ],
                      "className": "nav-link",
                      "replace": false,
                      "to": "/",
                    },
                    "ref": null,
                    "rendered": Array [
                      "  ",
                      Object {
                        "instance": null,
                        "key": undefined,
                        "nodeType": "host",
                        "props": Object {
                          "children": "Welcome undefined",
                        },
                        "ref": null,
                        "rendered": "Welcome undefined",
                        "type": "strong",
                      },
                      " ",
                    ],
                    "type": [Function],
                  },
                  "type": "li",
                },
                Object {
                  "instance": null,
                  "key": undefined,
                  "nodeType": "host",
                  "props": Object {
                    "children": <Link
                      className="nav-link"
                      replace={false}
                      to="/new"
                    >
                      Create Order
                    </Link>,
                    "className": "nav-item",
                  },
                  "ref": null,
                  "rendered": Object {
                    "instance": null,
                    "key": undefined,
                    "nodeType": "class",
                    "props": Object {
                      "children": "Create Order",
                      "className": "nav-link",
                      "replace": false,
                      "to": "/new",
                    },
                    "ref": null,
                    "rendered": "Create Order",
                    "type": [Function],
                  },
                  "type": "li",
                },
                Object {
                  "instance": null,
                  "key": undefined,
                  "nodeType": "host",
                  "props": Object {
                    "children": <Link
                      className="nav-link"
                      replace={false}
                      to=""
                    >
                      Logout
                    </Link>,
                    "className": "nav-item",
                    "onClick": [MockFunction],
                  },
                  "ref": null,
                  "rendered": Object {
                    "instance": null,
                    "key": undefined,
                    "nodeType": "class",
                    "props": Object {
                      "children": "Logout",
                      "className": "nav-link",
                      "replace": false,
                      "to": "",
                    },
                    "ref": null,
                    "rendered": "Logout",
                    "type": [Function],
                  },
                  "type": "li",
                },
              ],
              "type": "ul",
            },
            "type": "div",
          },
        ],
        "type": "div",
      },
      "type": "nav",
    },
  ],
  Symbol(enzyme.__options__): Object {
    "adapter": ReactSixteenAdapter {
      "options": Object {
        "enableComponentDidUpdateOnSetState": true,
        "legacyContextMode": "parent",
        "lifecycles": Object {
          "componentDidUpdate": Object {
            "onSetState": true,
          },
          "getChildContext": Object {
            "calledByRenderer": false,
          },
          "getDerivedStateFromProps": Object {
            "hasShouldComponentUpdateBug": false,
          },
          "getSnapshotBeforeUpdate": true,
          "setState": Object {
            "skipsComponentDidUpdateOnNullish": true,
          },
        },
      },
    },
  },
}
`;
